// Jest Snapshot v1, https://goo.gl/fbAQLP

exports[`InputText unit test should be able to show the InputText's label and input 1`] = `
<label
  class="sc-gueYoa"
>
  Test
</label>
`;
