// Jest Snapshot v1, https://goo.gl/fbAQLP

exports[`PageTitle unit test should be able to mach snapshot 1`] = `null`;
