// Jest Snapshot v1, https://goo.gl/fbAQLP

exports[`Skeleton should be able to match snapshot 1`] = `
<div
  class="sc-beqWaB hcpvpR"
  data-testid="skeleton"
/>
`;
