// Jest Snapshot v1, https://goo.gl/fbAQLP

exports[`PageTitle unit test should be able to show two Pokemons in the list 1`] = `null`;
